============================================================================
| ACPYPE: AnteChamber PYthon Parser interfacE v. 2023.10.27 (c) 2026 AWSdS |
============================================================================
DEBUG: CLI: -p exampleRNA-OH_solv.prmtop -x exampleRNA-OH_solv.inpcrd
DEBUG: Python Version 3.11.15 | packaged by conda-forge | (main, Mar 5 2026, 16:45:40) [GCC 14.3.0]
Converting Amber input files to Gromacs ...
DEBUG: prmtop and inpcrd files loaded
DEBUG: basename defined = 'exampleRNA-OH_solv'
DEBUG: getCoords done
DEBUG: getABCOEFs done
DEBUG: atom name 'Cl-' HAS to be all UPPERCASE... Applying this here.
DEBUG: atom name 'Cl-' HAS to be all UPPERCASE... Applying this here.
DEBUG: atom name 'Cl-' HAS to be all UPPERCASE... Applying this here.
DEBUG: atom name 'Cl-' HAS to be all UPPERCASE... Applying this here.
DEBUG: atom name 'Cl-' HAS to be all UPPERCASE... Applying this here.
DEBUG: atom name 'Cl-' HAS to be all UPPERCASE... Applying this here.
DEBUG: atom name 'Cl-' HAS to be all UPPERCASE... Applying this here.
DEBUG: atom name 'Cl-' HAS to be all UPPERCASE... Applying this here.
DEBUG: atom name 'Cl-' HAS to be all UPPERCASE... Applying this here.
DEBUG: atom name 'Cl-' HAS to be all UPPERCASE... Applying this here.
DEBUG: charge to be balanced: total -4.9999965323
DEBUG: balanceCharges done
DEBUG: Balanced TotalCharge -5.0000000000
DEBUG: PBC = [[51.449862, 51.119862, 52.161862], [90.0, 90.0, 90.0]]
DEBUG: getAtoms done
DEBUG: getBonds done
DEBUG: getAngles done
DEBUG: getDihedrals done
==> Writing GROMACS files

==> Disambiguating lower and uppercase atomtypes in GMX top file, even if identical.

DEBUG: writing GRO file
DEBUG: PBC triclinic
DEBUG: writing POSRE file
DEBUG: atomTypes 32
DEBUG: GMX atomtypes done
DEBUG: type of water 'TIP3P'
DEBUG: atoms 13174
DEBUG: GMX atoms done
DEBUG: bonds 13192
DEBUG: GMX bonds done
DEBUG: atomPairs 1299
DEBUG: GMX pairs done
DEBUG: angles 979
DEBUG: GMX angles done
DEBUG: setProperDihedralsCoef done
DEBUG: properDihedralsCoefRB 1415
DEBUG: properDihedralsAlphaGamma 139
DEBUG: properDihedralsGmx45 1774
==> Writing GMX dihedrals for GMX 4.5 and higher.

DEBUG: GMX special proper dihedrals done
DEBUG: improperDihedrals 108
DEBUG: GMX improper dihedrals done
DEBUG: prmtop and inpcrd files parsed
Total time of execution: less than a second
DEBUG: No tmp folder left to be removed
